[INFO] Scanning for projects...
[INFO] 
[INFO] -------------------------< com.knithub:server >-------------------------
[INFO] Building knithub-server 0.1.0-SNAPSHOT
[INFO]   from pom.xml
[INFO] --------------------------------[ jar ]---------------------------------
[INFO] 
[INFO] >>> spring-boot:3.5.6:run (default-cli) > test-compile @ server >>>
[INFO] 
[INFO] --- resources:3.3.1:resources (default-resources) @ server ---
[INFO] Copying 1 resource from src\main\resources to target\classes
[INFO] Copying 0 resource from src\main\resources to target\classes
[INFO] 
[INFO] --- compiler:3.14.0:compile (default-compile) @ server ---
[INFO] Nothing to compile - all classes are up to date.
[INFO] 
[INFO] --- resources:3.3.1:testResources (default-testResources) @ server ---
[INFO] skip non existing resourceDirectory D:\Python Project\knithub-workshop\server\src\test\resources
[INFO] 
[INFO] --- compiler:3.14.0:testCompile (default-testCompile) @ server ---
[INFO] Recompiling the module because of changed dependency.
[INFO] Compiling 2 source files with javac [debug parameters release 21] to target\test-classes
[INFO] 
[INFO] <<< spring-boot:3.5.6:run (default-cli) < test-compile @ server <<<
[INFO] 
[INFO] 
[INFO] --- spring-boot:3.5.6:run (default-cli) @ server ---
[INFO] Attaching agents: []

  .   ____          _            __ _ _
 /\\ / ___'_ __ _ _(_)_ __  __ _ \ \ \ \
( ( )\___ | '_ | '_| | '_ \/ _` | \ \ \ \
 \\/  ___)| |_)| | | | | || (_| |  ) ) ) )
  '  |____| .__|_| |_|_| |_\__, | / / / /
 =========|_|==============|___/=/_/_/_/

 :: Spring Boot ::                (v3.5.6)

2026-09-08T13:34:19.395+08:00  INFO 1324 --- [           main] com.knithub.server.ServerApplication     : Starting ServerApplication using Java 21.0.2 with PID 1324 (D:\Python Project\knithub-workshop\server\target\classes started by 81530 in D:\Python Project\knithub-workshop\server)
2026-09-08T13:34:19.395+08:00  INFO 1324 --- [           main] com.knithub.server.ServerApplication     : No active profile set, falling back to 1 default profile: "default"
2026-09-08T13:34:20.218+08:00  INFO 1324 --- [           main] o.s.b.w.embedded.tomcat.TomcatWebServer  : Tomcat initialized with port 8080 (http)
2026-09-08T13:34:20.235+08:00  INFO 1324 --- [           main] o.apache.catalina.core.StandardService   : Starting service [Tomcat]
2026-09-08T13:34:20.235+08:00  INFO 1324 --- [           main] o.apache.catalina.core.StandardEngine    : Starting Servlet engine: [Apache Tomcat/10.1.46]
2026-09-08T13:34:20.335+08:00  INFO 1324 --- [           main] o.a.c.c.C.[Tomcat].[localhost].[/]       : Initializing Spring embedded WebApplicationContext
2026-09-08T13:34:20.335+08:00  INFO 1324 --- [           main] w.s.c.ServletWebServerApplicationContext : Root WebApplicationContext: initialization completed in 900 ms
2026-09-08T13:34:20.669+08:00  INFO 1324 --- [           main] o.s.b.w.embedded.tomcat.TomcatWebServer  : Tomcat started on port 8080 (http) with context path '/'
2026-09-08T13:34:20.669+08:00  INFO 1324 --- [           main] com.knithub.server.ServerApplication     : Started ServerApplication in 1.718 seconds (process running for 2.032)
2026-09-08T13:34:54.202+08:00  INFO 1324 --- [nio-8080-exec-3] o.a.c.c.C.[Tomcat].[localhost].[/]       : Initializing Spring DispatcherServlet 'dispatcherServlet'
2026-09-08T13:34:54.202+08:00  INFO 1324 --- [nio-8080-exec-3] o.s.web.servlet.DispatcherServlet        : Initializing Servlet 'dispatcherServlet'
2026-09-08T13:34:54.202+08:00  INFO 1324 --- [nio-8080-exec-3] o.s.web.servlet.DispatcherServlet        : Completed initialization in 0 ms
2026-09-08T13:34:54.769+08:00  WARN 1324 --- [io-8080-exec-10] .w.s.m.s.DefaultHandlerExceptionResolver : Resolved [org.springframework.web.bind.MethodArgumentNotValidException: Validation failed for argument [0] in public org.springframework.http.ResponseEntity<com.knithub.server.auth.dto.UserResponse> com.knithub.server.auth.AuthController.login(com.knithub.server.auth.dto.LoginRequest): [Field error in object 'loginRequest' on field 'username': rejected value []; codes [NotBlank.loginRequest.username,NotBlank.username,NotBlank.java.lang.String,NotBlank]; arguments [org.springframework.context.support.DefaultMessageSourceResolvable: codes [loginRequest.username,username]; arguments []; default message [username]]; default message [不能为空]] ]
2026-09-08T13:34:54.821+08:00  WARN 1324 --- [nio-8080-exec-1] .w.s.m.s.DefaultHandlerExceptionResolver : Resolved [org.springframework.web.bind.MethodArgumentNotValidException: Validation failed for argument [0] in public org.springframework.http.ResponseEntity<com.knithub.server.auth.dto.UserResponse> com.knithub.server.auth.AuthController.login(com.knithub.server.auth.dto.LoginRequest): [Field error in object 'loginRequest' on field 'username': rejected value [   ]; codes [NotBlank.loginRequest.username,NotBlank.username,NotBlank.java.lang.String,NotBlank]; arguments [org.springframework.context.support.DefaultMessageSourceResolvable: codes [loginRequest.username,username]; arguments []; default message [username]]; default message [不能为空]] ]
2026-09-08T13:34:54.852+08:00  WARN 1324 --- [nio-8080-exec-3] .w.s.m.s.DefaultHandlerExceptionResolver : Resolved [org.springframework.web.bind.MethodArgumentNotValidException: Validation failed for argument [0] in public org.springframework.http.ResponseEntity<com.knithub.server.auth.dto.UserResponse> com.knithub.server.auth.AuthController.login(com.knithub.server.auth.dto.LoginRequest): [Field error in object 'loginRequest' on field 'password': rejected value []; codes [NotBlank.loginRequest.password,NotBlank.password,NotBlank.java.lang.String,NotBlank]; arguments [org.springframework.context.support.DefaultMessageSourceResolvable: codes [loginRequest.password,password]; arguments []; default message [password]]; default message [不能为空]] ]
2026-09-08T13:34:54.869+08:00  WARN 1324 --- [nio-8080-exec-2] .w.s.m.s.DefaultHandlerExceptionResolver : Resolved [org.springframework.web.bind.MethodArgumentNotValidException: Validation failed for argument [0] in public org.springframework.http.ResponseEntity<com.knithub.server.auth.dto.UserResponse> com.knithub.server.auth.AuthController.login(com.knithub.server.auth.dto.LoginRequest): [Field error in object 'loginRequest' on field 'password': rejected value [null]; codes [NotBlank.loginRequest.password,NotBlank.password,NotBlank.java.lang.String,NotBlank]; arguments [org.springframework.context.support.DefaultMessageSourceResolvable: codes [loginRequest.password,password]; arguments []; default message [password]]; default message [不能为空]] ]
